 >>> cell 1
Model1/E4  seed=20260929  context=local
ordinal floor: differences below 15 EMD may not be used to choose
 >>> cell 2
  python       3.14.6
  platform     Windows-11-10.0.26200-SP0
  numpy        2.5.2
  pandas       2.3.3
  scipy        1.18.0
  sklearn      1.9.0
  matplotlib   3.11.1
  Pillow       12.3.0
 >>> cell 3
INPUT_ROOT  C:\Users\mitansh\Desktop\KAGGLE HACKATHONS\Predicting-Soil-Grain-Size-Distributions-from-Images  (local)
 >>> cell 4
config_hash 010f44c36c74 | pipeline 1.0.0 | 4.552516 px/mm
 >>> cell 5
images (162, 103) | tiles (1976, 21) | labels (24, 11)
 >>> cell 6
E3 artifacts from Model 1\Model 1 Experiment 3: 16 CV families over 24 soils
 >>> cell 7
trivial baseline: ours 100.3132 | page formula 102.0200 | host publishes 100.31
METRIC CONFIRMED
 >>> cell 8
external ground truth (public LB, 3 fixed soils of 10):
    172.699   Model1_E1  16 feats, alpha by LOGO-CV
    102.372   mean-curve probe (ignores images)
     71.273   Model1_E2  14 feats, no degenerate cols
     61.236   Model1_E3  12 feats, no frequency

no-image floor (internal, constant median curve): 82.62
trajectory: 172.7 -> 71.3 -> 61.2   (rank 49 on the board = 40.22)
 >>> cell 9
experiment  ruler  actual                              change  factor
        E1 205.34  172.70     16 feats, alpha 0.03 by LOGO-CV    0.84
        E2  75.73   71.27 dropped 2 degenerate cols, alpha 30    0.94
        E3  51.87   61.24        dropped the frequency family    1.18

factors: 0.84 -> 0.94 -> 1.18   (monotonically outward, crossed the 0.7-1.1 window E3 pre-registered)

marginal check -- does the ruler predict the SIZE of a gain?
  E1->E2  ruler says  129.6 EMD   actual  101.4   ratio 0.78
  E2->E3  ruler says   23.9 EMD   actual   10.0   ratio 0.42
  The ruler's optimism GROWS as configurations improve. That is the signature of
  a proxy that models the nuisances it was built from and goes blind once those
  nuisances are removed.

ranking preserved across all three points: True

BINDING RULE FOR THIS EXPERIMENT:
  CAM+RES may RANK candidates. It may NOT forecast a score, and it may not
  choose between two candidates whose readings differ by less than
  15 EMD. Every expectation below is 'better or worse than 61.24', never a number.
 >>> cell 10
E3 artifacts from Model 1\Model 1 Experiment 3
  features_soil (34, 18) | paired_effects (7, 8)
  E3's headline: frequency main effect +26.76 CI [+14.81,+39.07]
 >>> cell 11
base tiles (1976) ...
  view real  : 1946 tiles -> 162 image rows
  view res14 : 1541 tiles -> 127 image rows
  view res16 : 1541 tiles -> 127 image rows
image x camera x view rows: (416, 20)   (base cache from Model 1\Model 1 Experiment 4\.cache)
split  device                 
test   iPhone 14                  14
       iPhone 16                  21
train  Motorola Edge              69
       Motorola Edge 60 Fusion     3
       Samsung A52                55
view   camera  
res14  Motorola    72
       Samsung     55
res16  Motorola    72
       Samsung     55
 >>> cell 12
dual-camera soils: 21
max absolute drift vs Experiment 3 across 14 features: 2.842e-14
REPRODUCED against E3. E4's arms differ from E3's cells only in representation.
 >>> cell 13
primitives defined; transfer() is the blur x camera matrix used in D3b and D5
 >>> cell 14

E3 12 feats (no freq)   (sigma: real 0.04, res14 0.84, res16 1.20 canonical px)
             predict real  predict res14  predict res16
train real          57.39          54.12          53.81
train res14         59.49          52.88          51.54
train res16         60.70          54.67          53.51
  spread across all nine cells: 9.2 EMD

E2 14 feats (with freq)   (sigma: real 0.04, res14 0.84, res16 1.20 canonical px)
             predict real  predict res14  predict res16
train real          50.99          75.73         105.18
train res14         77.76          48.74          80.20
train res16        115.91          84.24          52.32
  spread across all nine cells: 67.2 EMD

The 12-feature model spans 9.2 EMD across EVERY blur combination; the
14-feature model spans 67.2 and is strongly diagonal - the frequency
features turn the model into a sharpness meter. E3 already absorbed the sharpness
problem, so matched training has ~2 EMD left to give, inside the noise. CANCELLED.
 >>> cell 15
  median only (current protocol)      12 cols   LOGO-CV best  41.15
  median+mean+sd                      36 cols   LOGO-CV best  42.13
  + p10/p90 spread                    60 cols   LOGO-CV best  42.22

reference: E3 cell C LOGO-CV ~41.2 (oracle) | rank-3 ceiling 7.35 | no-image floor 82.62
Quintupling the feature space by adding distributional summaries makes it slightly
WORSE. The physics intuition is right and the n=24 statistics is not. CANCELLED.
 >>> cell 16
cost of KEEPING the frequency features, by evaluation condition:

train_view test_view                                        note  no_freq  with_freq  freq_costs
      real     res16    DEPLOYMENT - blur never seen in training    53.81     111.41       57.60
     res14     res16           held out - a different blur level    51.54      86.79       35.24
     res16     res16 MATCHED - ruler target equals training view    53.51      50.44       -3.08

Read the 'freq_costs' column. Under held-out blur frequency costs +35 to +58 EMD.
Under a MATCHED ruler it appears to HELP by ~3 EMD - a ~35 EMD artefact of scoring
the model on the exact distribution it was trained on.

RULE (binding, and applied to our own arms in section I):
  a treatment that alters the TRAINING distribution must be evaluated on a
  held-out level of the nuisance it targets. A ruler whose evaluation condition
  equals the treatment condition reports the treatment as free.
 >>> cell 17
arm                          n  norm      role
C0 raw colour (E3)          12  None      control
C1 no colour                 5  None      camera-preferred option
C2a per-cam norm (id)       12  camera    device-group from manifest
C2b per-cam norm (clu)      12  cluster   device-group from clustering
C3 chromaticity             11  None      scale-invariant colour
C4 colour only               7  None      NEGATIVE CONTROL

C0 is byte-identical to E3's selected cell, so E4 re-measures E3 as a control.
The single variable is the colour representation; the texture core never changes
except in C4, which is the deliberate negative control.
 >>> cell 18
C2b: k set to 5 = the number of distinct devices C2a gets from the manifest
cluster x device crosstab (label-free clustering vs the true device):
col_0  Motorola Edge  Motorola Edge 60 Fusion  Samsung A52  iPhone 14  iPhone 16
row_0                                                                           
0                  3                        0            7          1          1
1                  9                        0            1          0          0
2                 10                        0            2          1          1
3                  0                        1           12          0          0
4                  0                        0            0          1          5
cluster purity = 78.2%  (100% would mean clustering recovered
the devices with no label ever inspected)

built 18 (arm, view) tables and 6 soil-level matrices
soil-level rows available: {'C0 raw colour (E3)': 24} train / {'C0 raw colour (E3)': 10} test
 >>> cell 19
CAM+RES (4): Mot>Sam:res14, Mot>Sam:res16, Sam>Mot:res14, Sam>Mot:res16
CAM     (2): Mot>Sam:real, Sam>Mot:real

PASS: 21 dual-camera soils; no evaluated soil, and none from its own
family, appears in its own fit under ANY of the six conditions.
 >>> cell 20
 >>> cell 21
loaded nested results from cache (88a4032546c6)

nested cache key 88a4032546c6
  C0 raw colour (E3)         CAM+RES  51.87   CAM  52.26   LOGO  46.94   alphas [10.0]
  C1 no colour               CAM+RES  56.98   CAM  49.27   LOGO  39.46   alphas [0.03, 30.0]
  C2a per-cam norm (id)      CAM+RES  49.57   CAM  47.78   LOGO  43.71   alphas [10.0]
  C2b per-cam norm (clu)     CAM+RES  59.34   CAM  56.68   LOGO  45.84   alphas [10.0, 30.0]
  C3 chromaticity            CAM+RES  62.63   CAM  64.62   LOGO  43.00   alphas [10.0, 30.0]
  C4 colour only             CAM+RES  82.13   CAM  84.94   LOGO  82.51   alphas [100.0]
 >>> cell 22
paired on 21 soils present in every arm under every condition
every arm vs C0 (E3's configuration), on the nested CAM+RES procedure score:

  CAM+RES  C1 no colour - C0                  +5.11  CI [   -6.23,  +17.31]  wins 12/21  NOT RESOLVABLE by an ordinal ruler (|delta| < 15 and CI spans 0)
  CAM+RES  C2a per-cam norm (id) - C0         -2.30  CI [  -11.16,   +6.42]  wins 11/21  NOT RESOLVABLE by an ordinal ruler (|delta| < 15 and CI spans 0)
  CAM+RES  C2b per-cam norm (clu) - C0        +7.47  CI [   +1.16,  +13.57]  wins  8/21  SIGNIFICANT (first worse)
  CAM+RES  C3 chromaticity - C0              +10.75  CI [   +3.94,  +18.30]  wins  6/21  SIGNIFICANT (first worse)
  CAM+RES  C4 colour only - C0               +30.26  CI [  +14.84,  +45.86]  wins  9/21  SIGNIFICANT (first worse)

same comparisons on CAM, shown for transparency only. C2 arms are NOT ranked on it:
per-camera normalisation removes exactly the difference CAM measures (cell I).

  CAM      C1 no colour - C0                  -2.99  CI [  -10.37,   +4.43]  wins 13/21  not distinguishable from zero
  CAM      C2a per-cam norm (id) - C0         -4.48  CI [  -13.15,   +3.93]  wins 12/21  not distinguishable from zero
  CAM      C2b per-cam norm (clu) - C0        +4.42  CI [   -3.17,  +11.86]  wins  8/21  not distinguishable from zero
  CAM      C3 chromaticity - C0              +12.36  CI [   +6.23,  +19.34]  wins  5/21  SIGNIFICANT (first worse)
  CAM      C4 colour only - C0               +32.68  CI [  +18.53,  +45.90]  wins  3/21  SIGNIFICANT (first worse)
 >>> cell 23
P1  C4 (colour only) negative control: CAM = 84.94, must exceed 75
    -> CONFIRMED   pipeline reproduces E3's colour-only collapse

P2  C1 (no colour) vs C0 (raw colour) NOT separable by CAM+RES  [BLIND]
    estimate +5.11  CI [-6.23,+17.31]  -> CONFIRMED
    The ruler cannot choose between keeping and dropping colour. E3's ambiguity
    was a power problem, not a measurement problem, and the ordinal ruling stands.

P3  C3 (chromaticity) better than C0 under CAM+RES  [BLIND]
    +10.75 CI [+3.94,+18.30]  -> REFUTED

P4  C2a (identity) beats C2b (clustering) on CAM+RES  [BLIND]
    C2a -2.30 vs C2b +7.47 vs C0  -> CONFIRMED
    unsupervised device groups recovered 78.2% purity (k=5, no camera label inspected)
 >>> cell 24
           camera_shift_z  sharpness_shift_z
grad_mean           2.081              3.816
R                   2.000              0.454
G                   1.745              0.482
sat                 1.567              0.047
lum_p50             1.553              1.048
lum_p90             1.470              2.095
lum_p10             1.287              0.745
B                   1.164              0.559
lum_sd              0.944              1.454
e4                  0.435              0.315
e8                  0.181              0.045
e16                 0.142              0.054

colour block: mean camera shift 1.54 z, mean sharpness shift 0.78 z
Colour is the family that moves most between devices. Section F is about whether
moving a lot and being load-bearing are the same thing. They are not obviously so.
 >>> cell 25
                   arm   CAM  CAM_RES  LOGO  CAM_gain_vs_C0  CAMRES_gain_vs_C0
    C0 raw colour (E3) 52.26    51.87 46.94            0.00               0.00
 C2a per-cam norm (id) 47.78    49.57 43.71           -4.48              -2.30
C2b per-cam norm (clu) 56.68    59.34 45.84            4.42               7.47

If C2's CAM gain is far larger than its CAM+RES gain, the CAM reading is the
artefact: normalising by device erases the very difference CAM measures.

C2a: CAM gain -4.48 EMD vs CAM+RES gain -2.30
circularity confirmed for C2 on CAM: False
Consequence, pre-stated in instructions.txt: C2 is never ranked on CAM alone.
 >>> cell 26
arm                          n   CAM+RES     CAM    LOGO   worst
C2a per-cam norm (id)       12     49.57   47.78   43.71   49.57
C0 raw colour (E3)          12     51.87   52.26   46.94   52.26
C1 no colour                 5     56.98   49.27   39.46   56.98
C2b per-cam norm (clu)      12     59.34   56.68   45.84   59.34
C3 chromaticity             11     62.63   64.62   43.00   64.62
C4 colour only               7     82.13   84.94   82.51   84.94

primary (best nested CAM+RES, C2a excluded as circular): C0 raw colour (E3)
minimax (best worst-case)                              : C0 raw colour (E3)

The rule returned the CONTROL. The internal comparison is a null and
re-submitting E3 would measure nothing, so the submission is converted into the
discriminating probe. votes = how many of the three rulers prefer the arm to C0:
    C1 no colour               2/3   (LOGO  39.46  CAM  49.27  CAM+RES  56.98)
    C2b per-cam norm (clu)     1/3   (LOGO  45.84  CAM  56.68  CAM+RES  59.34)
    C3 chromaticity            1/3   (LOGO  43.00  CAM  64.62  CAM+RES  62.63)
    C4 colour only             0/3   (LOGO  82.51  CAM  84.94  CAM+RES  82.13)

SELECTED: C1 no colour (5 feats) -- primary and minimax agree; the rule returned the control, so the probe is C1 no colour (2/3 rulers prefer it to C0)
   STATUS: DISCRIMINATING PROBE, not an improvement claim.
vs C0: +5.11 EMD  CI [-5.92,+17.06]  wins 12/21
label: A BET, NOT A FINDING
  The ordinal rule fired: the ruler could not separate this arm from C0, so the
  submission IS the measurement rather than a claim of progress.
 >>> cell 27
selected arm C1 no colour: CAM+RES by alpha

  alpha  camres
   0.03   55.04
   0.10   59.60
   0.30   63.80
   1.00   64.73
   3.00   61.76
  10.00   56.65
  30.00   56.76
 100.00   70.38
 300.00   82.61
1000.00   89.73

grid optimum (oracle)      : alpha 0.03 at 55.04
largest alpha within 15 EMD : alpha 30 at 56.76   <-- USED
  Justification: E1 selected the grid optimum (0.03) and it collapsed on unseen
  cameras. Where the ruler cannot resolve a difference it prefers more
  regularisation, because the failure mode of too little is known and the failure
  mode of too much is merely a worse score.

alpha sensitivity of this arm: 34.70 EMD across the whole grid (NOT flat, so the choice matters)

measured factors on E1/E2/E3: 0.84, 0.94, 1.18
ORDINAL EXPECTATION ONLY. The ruler forecast E3's gain as 23.9 EMD and the real
gain was 10.0, so a point estimate is not admissible (see cell C1).
  P5: the submitted arm must score BELOW 61.24.
  If it does not, and no arm separated from C0, Model 1 has plateaued and Model 2
  becomes an evidence-backed decision.
 >>> cell 28
arm C1 no colour: 5 features ['e4', 'e8', 'e16', 'lum_sd', 'grad_mean']
predictions (10, 11)
  columns pinned at 0/100: E1 59.1%  E2 10.0%  E3 13.6%  E4 9.1%   (real labels 27%)
  mean EMD of predictions vs the train mean curve: 45.37   (E3 was 52.74)
 >>> cell 29
  PASS  row count == 10
  PASS  ids exactly match sample_submission order
  PASS  columns exactly match
  PASS  no missing values
  PASS  values within [0,100]
  PASS  cumulative / non-decreasing
  PASS  200mm column == 100
  PASS  no extra columns

all 8 submission checks passed
 >>> cell 30
wrote Model 1\Model 1 Experiment 4\Submission_Model1_E4.csv  (2154 bytes)

               sample_id   0.002  0.0063    0.02   0.063     0.2    0.63       2     6.3      20      63     200
        HPC_Airbus BS6-3    4.29    8.61   20.43   44.10   68.27   79.80   83.50   89.04   95.78   99.60  100.00
          HPC_Audorfring    3.69    7.35   16.83   33.43   47.48   57.15   67.24   82.85   95.08   99.75  100.00
HPC_Muenster_BS6_9_0-10m    0.98    2.41    5.44   10.98   17.16   25.17   38.60   62.92   88.10   99.07  100.00
   HPC_Airbus BS10-4bis7    4.56    9.10   21.53   46.13   70.66   82.17   85.71   90.69   96.39   99.67  100.00
   HPC_Airbus BS12-5bis8    4.23    8.52   20.29   44.13   68.83   80.41   83.69   88.72   95.54   99.56  100.00
 HPC_Kleinkummerfeld 2-2    4.68    9.23   21.36   43.50   63.06   73.78   80.84   90.67   97.34   99.91  100.00
 HPC_Kleinkummerfeld 2-3    4.47    8.87   20.69   42.98   63.86   74.88   81.00   89.72   96.71   99.80  100.00
 HPC_Kleinkummerfeld 9-4    4.45    8.88   20.98   44.77   68.39   79.76   83.89   89.85   96.22   99.67  100.00
HPC_Kleinkummerfeld 18-3    4.56    9.09   21.41   45.39   68.80   80.15   84.49   90.59   96.57   99.72  100.00
   HPC_Testfeld Lidl WHV    2.34    4.94   11.52   24.25   37.43   46.92   56.72   73.80   91.41   99.32  100.00
 >>> cell 31
12 of 21 soils improve. A mean gain carried by a minority of
soils, or by a few extreme ones, is not robust - read this before the mean.
 >>> cell 32
wrote Model 1\Model 1 Experiment 4\Experiment4.txt (141 lines)

8. PREDICTION VERDICTS
   P1 C4 negative control CAM > 75          : CONFIRMED (CAM=84.94)   [consistency check]
   P2 C1 vs C0 NOT separable by CAM+RES     : CONFIRMED   [BLIND]
   P3 C3 better than C0 on CAM+RES          : REFUTED   [BLIND]
   P4 C2a beats C2b on CAM+RES              : CONFIRMED   [BLIND]
   P5 submitted arm beats 61.24             : pending submission   [BLIND]
   P6 no point estimate offered anywhere      : HONOURED (PRED_BAND = None)

 >>> cell 33
==============================================================================
Model1/E4  --  SUMMARY
==============================================================================
  question                 : does the colour block earn its place
  arms                     : 6 (C0 control = E3's cell C)
    C0 raw colour (E3)         CAM+RES  51.87  CAM  52.26
    C1 no colour               CAM+RES  56.98  CAM  49.27
    C2a per-cam norm (id)      CAM+RES  49.57  CAM  47.78
    C2b per-cam norm (clu)     CAM+RES  59.34  CAM  56.68
    C3 chromaticity            CAM+RES  62.63  CAM  64.62
    C4 colour only             CAM+RES  82.13  CAM  84.94
  P2 ruler cannot separate C0/C1 : True
  selected                       : C1 no colour (5 feats)
  status                         : BET
  must beat                      : 61.24   (no forecast offered, per P6)
==============================================================================
  submission : Submission_Model1_E4.csv
  record     : Experiment4.txt
  artifacts  : paired_effects.csv, c2_circularity_audit.csv, circularity_demo.csv,
               blur_sensitivity_matrix.csv, mechanism_table.csv, selection_rule.json
